// Jest Snapshot v1, https://goo.gl/fbAQLP

exports[`Source code text Check result 1`] = `
"# E2E test


Text \`Code\` *Italic* **Strong** ***Italic+Strong***


# h1


## h2


### h3


#### h4


##### h5


###### h6
1. First
2. Second
3. Third


Someone say:


> Root 1
>
>
> Root 2
>
>
> > Sub 1
> >
> >
> > Sub 2
> >
> >
> > Sub 3
>
>
> Root 3
>
>
> Root 4


And that's all


| a   | b   | c   |
| --- | --- | --- |
|     |     |     |"
`;
